

exports[`testing sum function 2 + 2 is equal to 4 1`] = `4`;
